I'm sorry, but errors were detected in your script. Please correct the
errors listed below, and try again.


File "game/backpack.rpy", line 71: 'zoom' is not a keyword argument or valid child of the imagebutton statement.
    zoom 0.0 
        ^

Ren'Py Version: Ren'Py 8.3.2.24090902
Fri Oct  4 09:18:39 2024
